==============================================================================
Day 200 sharpened: does F⋆ = c(q,t) A^{(2)} on Λ_{q,t}?
  F = (1/q) e_1^2  -  [2+(q+1)(t-1)]/q · e_2  (= p_2(Y).1)
==============================================================================
[t=   0.0s] Building Y-action for m = 4 ...
[t=   0.0s] Y-action built.

[t=   0.0s] Sanity: computing F ⋆ 1 (should equal F).
[t=   0.2s]   F ⋆ 1 = -(-X1**2 + X1*X2*q*t - X1*X2*q + X1*X2*t - X1*X2 + X1*X3*q*t - X1*X3*q + X1*X3*t - X1*X3 + X1*X4*q*t - X1*X4*q + X1*X4*t - X1*X4 - X2**2 + X2*X3*q*t - X2*X3*q + X2*X3*t - X2*X3 + X2*X4*q*t - X2*X4*q + X2*X4*t - X2*X4 - X3**2 + X3*X4*q*t - X3*X4*q + X3*X4*t - X3*X4 - X4**2)/q
    m_(2) coeff:  1/q
    m_(1,1) coeff:  -(q + 1)*(t - 1)/q
    match m_(2): True ; match m_(1,1): True

[t=   0.3s] === Spectral diagnostic: F ⋆ P_λ vs P_λ ===

[t=   0.3s] --- Testing |λ| = 0, partitions = [()] ---
[t=   0.3s]   Building Macdonald basis in degrees 0 and 2 ...
[t=   0.3s]   Macdonald basis built.

[t=   0.3s]   λ = ()
[t=   0.3s]     P_λ = 1
[t=   0.3s]     Computing F ⋆ P_λ ...
[t=   0.4s]     deg(F ⋆ P_λ) = 2  (expected 2)
[t=   0.4s]     Expanding F ⋆ P_λ in Macdonald basis of deg 2 ...
[t=   0.4s]     # nonzero P_μ coefficients: 2
       P_(2,):  1/q
       P_(1, 1):  -t*(q + 1)*(t - 1)/(q*t - 1)

[t=   0.5s] --- Testing |λ| = 1, partitions = [(1,)] ---
[t=   0.5s]   Building Macdonald basis in degrees 1 and 3 ...
[t=   0.9s]   Macdonald basis built.

[t=   0.9s]   λ = (1,)
[t=   0.9s]     P_λ = X1 + X2 + X3 + X4
[t=   0.9s]     Computing F ⋆ P_λ ...
[t=   1.7s]     deg(F ⋆ P_λ) = 3  (expected 3)
[t=   1.7s]     Expanding F ⋆ P_λ in Macdonald basis of deg 3 ...
[t=   2.4s]     # nonzero P_μ coefficients: 3
       P_(3,):  q**(-3)
       P_(2, 1):  t*(q + 1)*(q - t)/(q*(q**2*t - 1))
       P_(1, 1, 1):  -t**3*(q - 1)*(q + 1)*(t - 1)*(t**2 + t + 1)/((q*t - 1)*(q*t**2 - 1))

[t=   2.4s] --- Testing |λ| = 2, partitions = [(2,), (1, 1)] ---
[t=   2.4s]   Building Macdonald basis in degrees 2 and 4 ...
[t=  15.0s]   Macdonald basis built.

[t=  15.0s]   λ = (2,)
[t=  15.0s]     P_λ = (X1**2*q*t - X1**2 + X1*X2*q*t - X1*X2*q + X1*X2*t - X1*X2 + X1*X3*q*t - X1*X3*q + X1*X3*t - X1*X3 + X1*X4*q*t - X1*X4*q + X1*X4*t - X1*X4 + X2**2*q*t - X2**2 + X2*X3*q*t - X2*X3*q + X2*X3*t - X2*X3 + X2*X4*q*t - X2*X4*q + X2*X4*t - X2*X4 + X3**2*q*t - X3**2 + X3*X4*q*t - X3*X4*q + X3*X4*t - X3*X4 + X4**2*q*t - X4**2)/(q*t - 1)
[t=  15.0s]     Computing F ⋆ P_λ ...
[t=  48.4s]     deg(F ⋆ P_λ) = 4  (expected 4)
[t=  48.4s]     Expanding F ⋆ P_λ in Macdonald basis of deg 4 ...
[t=  59.3s]     # nonzero P_μ coefficients: 4
       P_(4,):  q**(-5)
       P_(3, 1):  t*(q + 1)*(q - t)*(t - 1)/(q*(q*t - 1)*(q**3*t - 1))
       P_(2, 2):  t**2*(q - 1)**2*(q + 1)*(t + 1)*(q*t**2 - 1)/(q*(q*t - 1)**2*(q**2*t - 1))
       P_(2, 1, 1):  -t**3*(q - 1)*(q + 1)**2*(t - 1)*(q*t**3 - 1)/((q*t - 1)**3*(q*t + 1))

[t=  59.3s]   λ = (1, 1)
[t=  59.3s]     P_λ = X1*X2 + X1*X3 + X1*X4 + X2*X3 + X2*X4 + X3*X4
[t=  59.3s]     Computing F ⋆ P_λ ...
[t=  60.3s]     deg(F ⋆ P_λ) = 4  (expected 4)
[t=  60.3s]     Expanding F ⋆ P_λ in Macdonald basis of deg 4 ...
[t=  61.8s]     # nonzero P_μ coefficients: 4
       P_(3, 1):  q**(-3)
       P_(2, 2):  -t*(q + 1)*(t - 1)/(q**2*(q*t - 1))
       P_(2, 1, 1):  t**3*(q - 1)*(q + 1)*(q - t)/(q*(q*t - 1)**2*(q*t + 1))
       P_(1, 1, 1, 1):  -t**5*(q - 1)*(q + 1)*(t - 1)*(t**2 + 1)*(t**2 + t + 1)/((q*t**2 - 1)*(q*t**3 - 1))

[t=  61.8s] === Option-2 diagnostic: F ⋆ e_r in e-basis ===

[t=  61.8s]   r = 0
[t=  61.9s]     Expanding F ⋆ e_0 in e-basis of degree 2 ...
       e_(2,): -(q*t - q + t + 1)/q
       e_(1, 1): 1/q

[t=  61.9s]   r = 1
[t=  62.2s]     Expanding F ⋆ e_1 in e-basis of degree 3 ...
       e_(3,): -(q - 1)*(q + 1)*(t**2 + t + 1)*(q*t - q + 1)/q**3
       e_(2, 1): (q**2 - q*t + q - t - 2)/q**3
       e_(1, 1, 1): q**(-3)

[t=  62.3s]   r = 2
[t=  62.6s]     Expanding F ⋆ e_2 in e-basis of degree 4 ...
       e_(4,): -(q - 1)*(q + 1)*(t**2 + 1)*(q*t**3 - q + t + 1)/q**3
       e_(3, 1): (q - 1)*(q + 1)/q**3
       e_(2, 2): -(q*t - q + t + 1)/q**3
       e_(2, 1, 1): q**(-3)
