========================================================================
tau_r values (r = 2..5), factored:
========================================================================
  r = 2: tau_r = -(q - 1)*(q + 1)*(t**2 + 1)*(q*t**3 - q + t + 1)/q**3
  r = 3: tau_r = -(q - 1)*(q + 1)*(t**4 + t**3 + t**2 + t + 1)*(q*t**3 - q*t**2 + q*t - q + 1)/q**3
  r = 4: tau_r = -(q - 1)*(q + 1)*(t**2 - t + 1)*(t**2 + t + 1)*(q*t**5 - q + t + 1)/q**3
  r = 5: tau_r = -(q - 1)*(q + 1)*(t**6 + t**5 + t**4 + t**3 + t**2 + t + 1)*(q*t**5 - q*t**4 + q*t**3 - q*t**2 + q*t - q + 1)/q**3

========================================================================
Clio's Baxterised identity check:
  (1-t) (q [r]_t - t [r-2]_t) =?= (q-t) + t^(r-1)(1-qt)
========================================================================
  r = 2: LHS - RHS = 0
  r = 3: LHS - RHS = 0
  r = 4: LHS - RHS = 0
  r = 5: LHS - RHS = 0
  r = 6: LHS - RHS = 0
  r = 7: LHS - RHS = 0

========================================================================
Divide tau_r by prefactor -(q^2-1)/q^3 = natural prefix.
Look at the residual U_r := tau_r * q^3 / [-(q^2-1)].
========================================================================
  r = 2: U_r = (t**2 + 1)*(q*t**3 - q + t + 1)
  r = 3: U_r = (t**4 + t**3 + t**2 + t + 1)*(q*t**3 - q*t**2 + q*t - q + 1)
  r = 4: U_r = (t**2 - t + 1)*(t**2 + t + 1)*(q*t**5 - q + t + 1)
  r = 5: U_r = (t**6 + t**5 + t**4 + t**3 + t**2 + t + 1)*(q*t**5 - q*t**4 + q*t**3 - q*t**2 + q*t - q + 1)

========================================================================
Third-factor structure test
========================================================================
  r = 2: F_r = q*t**3 - q + t + 1  factored = q*t**3 - q + t + 1
  r = 3: F_r = q*t**3 - q*t**2 + q*t - q + 1  factored = q*t**3 - q*t**2 + q*t - q + 1
  r = 4: F_r = q*t**5 - q + t + 1  factored = q*t**5 - q + t + 1
  r = 5: F_r = q*t**5 - q*t**4 + q*t**3 - q*t**2 + q*t - q + 1  factored = q*t**5 - q*t**4 + q*t**3 - q*t**2 + q*t - q + 1

  Split F_r = q * P_r(t) + Q_r(t):
    r=2: P_r(t) = (t - 1)*(t**2 + t + 1)   Q_r(t) = t + 1
    r=3: P_r(t) = (t - 1)*(t**2 + 1)   Q_r(t) = 1
    r=4: P_r(t) = (t - 1)*(t**4 + t**3 + t**2 + t + 1)   Q_r(t) = t + 1
    r=5: P_r(t) = (t - 1)*(t**2 - t + 1)*(t**2 + t + 1)   Q_r(t) = 1

========================================================================
Direct Baxterised test:
  Does B_r(q,t) := (q-t) + t^(r-1)(1-qt) divide tau_r(q,t) ?
========================================================================
  r = 2:
    B_r = -q*t**2 + q
    tau_r / B_r = (q - 1)*(q + 1)*(t**2 + 1)*(q*t**3 - q + t + 1)/(q**4*(t - 1)*(t + 1))
    Polynomial division remainder = -q**3*t**5 - q**3*t**3 + q**3*t**2 + q**3 - q**2*t**3 - q**2*t**2 - q**2*t - q**2 + q*t**5 + q*t**3 - q*t**2 - q + t**3 + t**2 + t + 1  (0 means B_r divides)
  r = 3:
    B_r = -q*t**3 + q + t**2 - t
    tau_r / B_r = (q - 1)*(q + 1)*(t**4 + t**3 + t**2 + t + 1)*(q*t**3 - q*t**2 + q*t - q + 1)/(q**3*(t - 1)*(q*t**2 + q*t + q - t))
    Polynomial division remainder = -q**3*t**7 - q**3*t**5 + q**3*t**2 + q**3 - q**2*t**4 - q**2*t**3 - q**2*t**2 - q**2*t - q**2 + q*t**7 + q*t**5 - q*t**2 - q + t**4 + t**3 + t**2 + t + 1  (0 means B_r divides)
  r = 4:
    B_r = -q*t**4 + q + t**3 - t
    tau_r / B_r = (q - 1)*(q + 1)*(t**2 - t + 1)*(t**2 + t + 1)*(q*t**5 - q + t + 1)/(q**3*(t - 1)*(t + 1)*(q*t**2 + q - t))
    Polynomial division remainder = -q**3*t**9 - q**3*t**7 - q**3*t**5 + q**3*t**4 + q**3*t**2 + q**3 - q**2*t**5 - q**2*t**4 - q**2*t**3 - q**2*t**2 - q**2*t - q**2 + q*t**9 + q*t**7 + q*t**5 - q*t**4 - q*t**2 - q + t**5 + t**4 + t**3 + t**2 + t + 1  (0 means B_r divides)
  r = 5:
    B_r = -q*t**5 + q + t**4 - t
    tau_r / B_r = (q - 1)*(q + 1)*(t**6 + t**5 + t**4 + t**3 + t**2 + t + 1)*(q*t**5 - q*t**4 + q*t**3 - q*t**2 + q*t - q + 1)/(q**3*(t - 1)*(q*t**4 + q*t**3 + q*t**2 + q*t + q - t**3 - t**2 - t))
    Polynomial division remainder = -q**3*t**11 - q**3*t**9 - q**3*t**7 + q**3*t**4 + q**3*t**2 + q**3 - q**2*t**6 - q**2*t**5 - q**2*t**4 - q**2*t**3 - q**2*t**2 - q**2*t - q**2 + q*t**11 + q*t**9 + q*t**7 - q*t**4 - q*t**2 - q + t**6 + t**5 + t**4 + t**3 + t**2 + t + 1  (0 means B_r divides)

========================================================================
Baxterised q-integer form:
  B'_r := q [r]_t - t [r-2]_t  (dropping the (1-t))
  Test tau_r / B'_r for pattern.
========================================================================
  r = 2: B'_r = q*t + q
           tau_r / B'_r = -(q - 1)*(q + 1)*(t**2 + 1)*(q*t**3 - q + t + 1)/(q**4*(t + 1))
  r = 3: B'_r = q*t**2 + q*t + q - t
           tau_r / B'_r = -(q - 1)*(q + 1)*(t**4 + t**3 + t**2 + t + 1)*(q*t**3 - q*t**2 + q*t - q + 1)/(q**3*(q*t**2 + q*t + q - t))
  r = 4: B'_r = q*t**3 + q*t**2 + q*t + q - t**2 - t
           tau_r / B'_r = -(q - 1)*(q + 1)*(t**2 - t + 1)*(t**2 + t + 1)*(q*t**5 - q + t + 1)/(q**3*(t + 1)*(q*t**2 + q - t))
  r = 5: B'_r = q*t**4 + q*t**3 + q*t**2 + q*t + q - t**3 - t**2 - t
           tau_r / B'_r = -(q - 1)*(q + 1)*(t**6 + t**5 + t**4 + t**3 + t**2 + t + 1)*(q*t**5 - q*t**4 + q*t**3 - q*t**2 + q*t - q + 1)/(q**3*(q*t**4 + q*t**3 + q*t**2 + q*t + q - t**3 - t**2 - t))

========================================================================
Ansatz: tau_r * q^3 =?= A(q,t) + B(q,t) t^r    (2-term).
========================================================================
  A(q,t) = (q - 1)*(q + 1)*(q*t**7 - q*t**6 + q*t**5 - q*t**4 + q*t**3 - q*t**2 + q*t - q + 1)/(t - 1)
  B(q,t) = -t*(q - 1)*(q + 1)*(q*t**4 - q + t)/(t - 1)
  r = 4: diff = q*t**8*(q - 1)*(q + 1)*(t - 1)  MATCH? False
  r = 5: diff = q*t**8*(q - 1)*(q + 1)*(t - 1)*(t**2 + t + 1)  MATCH? False

========================================================================
Ansatz: tau_r * q^3 =?= A(q,t) + B(q,t) * t^r + C(q,t) * t^(2r).
Fit using r = 2,3,4 and predict r = 5. Then verify r = 5.
========================================================================
  A(q,t) = -(q - 1)*(q + 1)*(q - t - 1)/((t - 1)*(t + 1))
  B(q,t) = t*(q - 1)*(q + 1)*(q - t)/(t - 1)
  C(q,t) = -q*t**3*(q - 1)*(q + 1)/((t - 1)*(t + 1))

  Predicted (tau_5 * q^3) = -(q - 1)*(q + 1)*(t**6 + t**5 + t**4 + t**3 + t**2 + t + 1)*(q*t**5 - q*t**4 + q*t**3 - q*t**2 + q*t - q + 1)
  Actual    (tau_5 * q^3) = -(q - 1)*(q + 1)*(t**6 + t**5 + t**4 + t**3 + t**2 + t + 1)*(q*t**5 - q*t**4 + q*t**3 - q*t**2 + q*t - q + 1)
  Difference = 0
  MATCH? True

========================================================================
Refined: tau_r*q^3 / (-(q^2-1)) = A(q,t) + B(q,t) t^r + C(q,t) t^(2r) ?
========================================================================
  A(q,t) = (q - t - 1)/((t - 1)*(t + 1))
  B(q,t) = -t*(q - t)/(t - 1)
  C(q,t) = q*t**3/((t - 1)*(t + 1))
  r = 5 diff = 0  MATCH? True

========================================================================
Ansatz: tau_r*q^3 = A + B t^r + C t^(2r) + D t^(r-1) (or similar 4-term).
Fit on r = 2,3,4,5.
========================================================================

  Ansatz: A + B t^r + C t^(2r) + D t^(2r-1)
    A = -(q - 1)*(q + 1)*(q - t - 1)/((t - 1)*(t + 1))
    B = t*(q - 1)*(q + 1)*(q - t)/(t - 1)
    C = -(D*t**2 - D + q**3*t**4 - q*t**4)/(t*(t - 1)*(t + 1))
    D = nan

  Ansatz: A + B t^r + C t^(2r) + D t^(r+1)
    A = -(q - 1)*(q + 1)*(q - t - 1)/((t - 1)*(t + 1))
    B = t*(-D*t + D + q**3 - q**2*t - q + t)/(t - 1)
    C = -q*t**3*(q - 1)*(q + 1)/((t - 1)*(t + 1))
    D = nan

  Ansatz: A + B t^r + C t^(r-1) + D t^(2r+1)
    A = -(q - 1)*(q + 1)*(q - t - 1)/((t - 1)*(t + 1))
    B = (-C*t + C + q**3*t**2 - q**2*t**3 - q*t**2 + t**3)/(t*(t - 1))
    C = nan
    D = -q*t**2*(q - 1)*(q + 1)/((t - 1)*(t + 1))

========================================================================
Full Baxterised ansatz:
  tau_r * q^3 = -(q^2-1) * B_r * K_r(t)   where B_r=(q-t)+t^(r-1)(1-qt)
========================================================================
  r = 2:
    B_r = -q*t**2 + q
    K_r = tau_r * q^3 / (pre * B_r) = -(t**2 + 1)*(q*t**3 - q + t + 1)/(q*(t - 1)*(t + 1))
  r = 3:
    B_r = -q*t**3 + q + t**2 - t
    K_r = tau_r * q^3 / (pre * B_r) = -(t**4 + t**3 + t**2 + t + 1)*(q*t**3 - q*t**2 + q*t - q + 1)/((t - 1)*(q*t**2 + q*t + q - t))
  r = 4:
    B_r = -q*t**4 + q + t**3 - t
    K_r = tau_r * q^3 / (pre * B_r) = -(t**2 - t + 1)*(t**2 + t + 1)*(q*t**5 - q + t + 1)/((t - 1)*(t + 1)*(q*t**2 + q - t))
  r = 5:
    B_r = -q*t**5 + q + t**4 - t
    K_r = tau_r * q^3 / (pre * B_r) = -(t**6 + t**5 + t**4 + t**3 + t**2 + t + 1)*(q*t**5 - q*t**4 + q*t**3 - q*t**2 + q*t - q + 1)/((t - 1)*(q*t**4 + q*t**3 + q*t**2 + q*t + q - t**3 - t**2 - t))

========================================================================
q-integer factorization audit: is the full product [S_r * F_r]
the natural atom?  Compute directly.
========================================================================
  r = 2: S_r * F_r (expanded) = q*t**5 + q*t**3 - q*t**2 - q + t**3 + t**2 + t + 1
    (t^(r+2)-1) does NOT divide as polynomial (rem = q*t**5 + q*t**3 - q*t**2 - q + t**3 + t**2 + t + 1)
  r = 3: S_r * F_r (expanded) = q*t**7 + q*t**5 - q*t**2 - q + t**4 + t**3 + t**2 + t + 1
    (t^(r+2)-1) does NOT divide as polynomial (rem = t**4 + t**3 + t**2 + t + 1)
  r = 4: S_r * F_r (expanded) = q*t**9 + q*t**7 + q*t**5 - q*t**4 - q*t**2 - q + t**5 + t**4 + t**3 + t**2 + t + 1
    (t^(r+2)-1) does NOT divide as polynomial (rem = q*t**9 + q*t**7 + q*t**5 - q*t**4 - q*t**2 - q + t**5 + t**4 + t**3 + t**2 + t + 1)
  r = 5: S_r * F_r (expanded) = q*t**11 + q*t**9 + q*t**7 - q*t**4 - q*t**2 - q + t**6 + t**5 + t**4 + t**3 + t**2 + t + 1
    (t^(r+2)-1) does NOT divide as polynomial (rem = t**6 + t**5 + t**4 + t**3 + t**2 + t + 1)

========================================================================
Unified interpolation: solve for A(q,t), B(q,t), C(q,t), D(q,t) satisfying
  tau_r * q^3 * (t-1) / (-(q^2-1)) =?= A + B t^r + C t^(2r) + D t^(2r+1)
========================================================================
  A = (q - t - 1)/(t + 1)
  B = -t*(q - t)
  C = t*(-D*t - D + q*t**2)/(t + 1)
  D = nan

========================================================================
Expanded form of U_r := tau_r * q^3 / (-(q^2-1)):
========================================================================
  r = 2: q-degree = 1
    q^0 coeff = (t + 1)*(t**2 + 1)
    q^1 coeff = (t - 1)*(t**2 + 1)*(t**2 + t + 1)
  r = 3: q-degree = 1
    q^0 coeff = t**4 + t**3 + t**2 + t + 1
    q^1 coeff = (t - 1)*(t**2 + 1)*(t**4 + t**3 + t**2 + t + 1)
  r = 4: q-degree = 1
    q^0 coeff = (t + 1)*(t**2 - t + 1)*(t**2 + t + 1)
    q^1 coeff = (t - 1)*(t**2 - t + 1)*(t**2 + t + 1)*(t**4 + t**3 + t**2 + t + 1)
  r = 5: q-degree = 1
    q^0 coeff = t**6 + t**5 + t**4 + t**3 + t**2 + t + 1
    q^1 coeff = (t - 1)*(t**2 - t + 1)*(t**2 + t + 1)*(t**6 + t**5 + t**4 + t**3 + t**2 + t + 1)

========================================================================
t-degree pattern of tau_r * q^3 / (-(q^2-1)):
========================================================================
  r = 2: t-degrees present = [0, 1, 2, 3, 5]
    t^0: -1*q^1, 1*q^0
    t^1: 1*q^0
    t^2: -1*q^1, 1*q^0
    t^3: 1*q^1, 1*q^0
    t^5: 1*q^1
  r = 3: t-degrees present = [0, 1, 2, 3, 4, 5, 7]
    t^0: -1*q^1, 1*q^0
    t^1: 1*q^0
    t^2: -1*q^1, 1*q^0
    t^3: 1*q^0
    t^4: 1*q^0
    t^5: 1*q^1
    t^7: 1*q^1
  r = 4: t-degrees present = [0, 1, 2, 3, 4, 5, 7, 9]
    t^0: -1*q^1, 1*q^0
    t^1: 1*q^0
    t^2: -1*q^1, 1*q^0
    t^3: 1*q^0
    t^4: -1*q^1, 1*q^0
    t^5: 1*q^1, 1*q^0
    t^7: 1*q^1
    t^9: 1*q^1
  r = 5: t-degrees present = [0, 1, 2, 3, 4, 5, 6, 7, 9, 11]
    t^0: -1*q^1, 1*q^0
    t^1: 1*q^0
    t^2: -1*q^1, 1*q^0
    t^3: 1*q^0
    t^4: -1*q^1, 1*q^0
    t^5: 1*q^0
    t^6: 1*q^0
    t^7: 1*q^1
    t^9: 1*q^1
    t^11: 1*q^1

========================================================================
Ansatz: U_r =?= alpha(q,t) [r+2]_t + beta(q,t) t^r [r]_t + ...
Try:  U_r = [ f1(q,t) + f2(q,t) t^r + f3(q,t) t^(2r+2) ] / (t-1)
========================================================================
    (t-1)*U_2 expanded = q*t**6 - q*t**5 + q*t**4 - 2*q*t**3 + q*t**2 - q*t + q + t**4 - 1
    (t-1)*U_3 expanded = q*t**8 - q*t**7 + q*t**6 - q*t**5 - q*t**3 + q*t**2 - q*t + q + t**5 - 1
    (t-1)*U_4 expanded = q*t**10 - q*t**9 + q*t**8 - q*t**7 + q*t**6 - 2*q*t**5 + q*t**4 - q*t**3 + q*t**2 - q*t + q + t**6 - 1
    (t-1)*U_5 expanded = q*t**12 - q*t**11 + q*t**10 - q*t**9 + q*t**8 - q*t**7 - q*t**5 + q*t**4 - q*t**3 + q*t**2 - q*t + q + t**7 - 1

  Fit on r = 2,3,4:
    A = (q - t - 1)/(t + 1)
    B = -t*(q - t)
    C = q*t/(t + 1)
    r = 5 diff = 0  MATCH? True

========================================================================
Try: (t-1) * U_r = P(q,t) + Q(q,t) t^(2r+2)
========================================================================
  A = -(q*t**4 - q - t**5 + t + 1)/(t + 1)
  B = (q*t**4 - q + t)/(t**3*(t + 1))
  r = 4: MATCH? False
  r = 5: MATCH? False

========================================================================
Ansatz: (t-1)*U_r = A + B t^r + C t^(r+1) + D t^(2r+2)
========================================================================
  A = (q - t - 1)/(t + 1)
  B = -t*(C + q - t)
  C = nan
  D = q*t/(t + 1)
