========================================================================
Does B_r = (q-t) + t^(r-1)(1-qt) divide tau_r*q^3 in Q(t)[q]?
========================================================================
  r = 2: divides? False
  r = 3: divides? False
  r = 4: divides? False
  r = 5: divides? False
  r = 6: divides? False
  r = 7: divides? False

========================================================================
Ansatz: tau_r*q^3 = M(q,t) * B_r + N(q,t) t^(2r)  (2-term).
Fit on r = 2, 3 and predict r = 4, 5.
========================================================================
  M(q,t) = -(q - 1)*(q + 1)*(q*t**4 - q - t**5 + t + 1)/((t - 1)*(q*t**3 - q*t - q + t))
  N(q,t) = -(q - 1)*(q + 1)*(q**2*t**7 - q**2*t**4 - q**2*t**2 + q**2*t + q*t**5 + q*t**3 - 2*q*t**2 - q*t - q + t**3 + t**2 + t + 1)/(t**3*(q*t**3 - q*t - q + t))
  r = 4: diff = t**2*(-q**4*t**4 + 2*q**4*t**2 - q**4*t + 2*q**3*t**5 - 3*q**3*t**3 + q**3 - q**2*t**6 + 2*q**2*t**4 - q**2*t**2 + q**2*t - q**2 - 2*q*t**5 + 3*q*t**3 - q + t**6 - t**4 - t**2 + 1)/(q*t**3 - q*t - q + t)  MATCH? False
  r = 5: diff = t**2*(-q**4*t**6 - q**4*t**5 + q**4*t**4 + q**4*t**3 + q**4*t**2 - q**4*t + 2*q**3*t**7 + 2*q**3*t**6 - q**3*t**5 - 3*q**3*t**4 - 3*q**3*t**3 + q**3*t**2 + q**3*t + q**3 - q**2*t**8 - q**2*t**7 + q**2*t**6 + 2*q**2*t**5 + q**2*t**4 - q**2*t**2 - q**2 - 2*q*t**7 - 2*q*t**6 + q*t**5 + 3*q*t**4 + 3*q*t**3 - q*t**2 - q*t - q + t**8 + t**7 - t**5 - 2*t**4 - t**3 + t + 1)/(q*t**3 - q*t - q + t)  MATCH? False
  r = 6: diff = t**2*(-q**4*t**8 - q**4*t**7 + 2*q**4*t**4 + q**4*t**2 - q**4*t + 2*q**3*t**9 + 2*q**3*t**8 + q**3*t**7 - q**3*t**6 - 4*q**3*t**5 - 2*q**3*t**4 - 2*q**3*t**3 + 2*q**3*t**2 + q**3*t + q**3 - q**2*t**10 - q**2*t**9 + q**2*t**7 + 2*q**2*t**6 + 2*q**2*t**5 - 2*q**2*t**2 - q**2 - 2*q*t**9 - 2*q*t**8 - q*t**7 + q*t**6 + 4*q*t**5 + 2*q*t**4 + 2*q*t**3 - 2*q*t**2 - q*t - q + t**10 + t**9 + t**8 - 2*t**6 - 2*t**5 - 2*t**4 + t**2 + t + 1)/(q*t**3 - q*t - q + t)  MATCH? False

========================================================================
Ansatz: tau_r*q^3 = A0(q,t) + M(q,t) * B_r + N(q,t) t^(2r).
Fit on r = 2, 3, 4 and predict r = 5.
========================================================================
  A0(q,t) = (q - 1)*(q + 1)*(q**2*t**3 + q**2*t**2 - q**2*t - 2*q*t**4 - 2*q*t**3 + q*t**2 + q*t + q + t**5 + t**4 - t - 1)/((t - 1)*(t + 1)*(q*t - 1))
  M(q,t)  = -t**2*(q - 1)*(q + 1)*(q - t)/((t - 1)*(q*t - 1))
  N(q,t)  = -q*t**3*(q - 1)*(q + 1)/((t - 1)*(t + 1))
  r = 5: diff = 0  MATCH? True
  r = 6: diff = 0  MATCH? True
  r = 7: diff = 0  MATCH? True

========================================================================
Ansatz: tau_r*q^3 = M(q,t) * B_r + N(q,t) * B_r^2.
========================================================================
  M(q,t) = (q - 1)*(q + 1)*(2*q**3*t**6 + q**3*t**5 + q**3*t**4 - q**3*t**3 - q**3*t**2 - 2*q**3*t - 2*q**2*t**7 - q**2*t**6 - 2*q**2*t**5 + 3*q**2*t**4 + 4*q**2*t**3 + 8*q**2*t**2 + 4*q**2*t + 2*q**2 + q*t**6 - 2*q*t**5 - 3*q*t**4 - 7*q*t**3 - 6*q*t**2 - 5*q*t - 2*q + t**4 + t**3 + t**2 + t)/(q*(t - 1)*(t + 1)*(q*t - 1)*(q*t**2 + q*t + q - t))
  N(q,t) = -(q - 1)*(q + 1)*(q**2*t**7 - q**2*t**4 - q**2*t**2 + q**2*t + q*t**5 + q*t**3 - 2*q*t**2 - q*t - q + t**3 + t**2 + t + 1)/(q*(t - 1)**2*(t + 1)*(q*t - 1)*(q*t**2 + q*t + q - t))
  r = 4: diff = t**3*(q**5*t**3 - q**5*t**2 - 2*q**4*t**4 + 2*q**4*t**3 + 2*q**4*t + q**3*t**5 - q**3*t**4 - q**3*t**3 - 2*q**3*t**2 - 2*q**3*t - q**3 + 2*q**2*t**4 - q**2*t**3 + q**2*t**2 - q**2*t + q**2 - q*t**5 + q*t**4 + 3*q*t**2 + 2*q*t + q - t**3 - t**2 - t - 1)/(q*(q*t**2 + q*t + q - t))  MATCH? False
  r = 5: diff = t**3*(q**5*t**5 - q**5*t**2 - 2*q**4*t**6 + 4*q**4*t**3 + 2*q**4*t**2 + 2*q**4*t + q**3*t**7 - q**3*t**5 - 4*q**3*t**4 - 5*q**3*t**3 - 5*q**3*t**2 - 3*q**3*t - q**3 + 2*q**2*t**6 + q**2*t**5 + 2*q**2*t**4 - q**2*t**3 + q**2*t**2 + q**2 - q*t**7 + 4*q*t**4 + 5*q*t**3 + 6*q*t**2 + 3*q*t + q - t**5 - 2*t**4 - 3*t**3 - 3*t**2 - 2*t - 1)/(q*(q*t**2 + q*t + q - t))  MATCH? False

========================================================================
Alternative Baxter atom (Clio's LHS):  B'_r := q [r]_t - t [r-2]_t.
Test: tau_r*q^3 = M(q,t) * B'_r + N(q,t) * (B'_r)^2 ?
========================================================================
  M(q,t) = -(q - 1)*(q + 1)*(2*q**3*t**6 + q**3*t**5 + q**3*t**4 - q**3*t**3 - q**3*t**2 - 2*q**3*t - 2*q**2*t**7 - q**2*t**6 - 2*q**2*t**5 + 3*q**2*t**4 + 4*q**2*t**3 + 8*q**2*t**2 + 4*q**2*t + 2*q**2 + q*t**6 - 2*q*t**5 - 3*q*t**4 - 7*q*t**3 - 6*q*t**2 - 5*q*t - 2*q + t**4 + t**3 + t**2 + t)/(q*(t + 1)*(q*t - 1)*(q*t**2 + q*t + q - t))
  N(q,t) = -(q - 1)*(q + 1)*(q**2*t**7 - q**2*t**4 - q**2*t**2 + q**2*t + q*t**5 + q*t**3 - 2*q*t**2 - q*t - q + t**3 + t**2 + t + 1)/(q*(t + 1)*(q*t - 1)*(q*t**2 + q*t + q - t))
  r = 4: diff = t**3*(q**5*t**3 - q**5*t**2 - 2*q**4*t**4 + 2*q**4*t**3 + 2*q**4*t + q**3*t**5 - q**3*t**4 - q**3*t**3 - 2*q**3*t**2 - 2*q**3*t - q**3 + 2*q**2*t**4 - q**2*t**3 + q**2*t**2 - q**2*t + q**2 - q*t**5 + q*t**4 + 3*q*t**2 + 2*q*t + q - t**3 - t**2 - t - 1)/(q*(q*t**2 + q*t + q - t))  MATCH? False
  r = 5: diff = t**3*(q**5*t**5 - q**5*t**2 - 2*q**4*t**6 + 4*q**4*t**3 + 2*q**4*t**2 + 2*q**4*t + q**3*t**7 - q**3*t**5 - 4*q**3*t**4 - 5*q**3*t**3 - 5*q**3*t**2 - 3*q**3*t - q**3 + 2*q**2*t**6 + q**2*t**5 + 2*q**2*t**4 - q**2*t**3 + q**2*t**2 + q**2 - q*t**7 + 4*q*t**4 + 5*q*t**3 + 6*q*t**2 + 3*q*t + q - t**5 - 2*t**4 - 3*t**3 - 3*t**2 - 2*t - 1)/(q*(q*t**2 + q*t + q - t))  MATCH? False
