========================================================================
Try: tau_r*q^3 =?= K1(q,t) * B_r + K2(q,t) * B_r * t^r + Residual(t^(2r))?
========================================================================
  K1 = -(q - 1)*(q + 1)*(q - t - 1)/((q - t)*(t - 1)*(t + 1))
  K2 = (q - 1)*(q + 1)*(q**2*t**3 + q**2*t**2 - q**2*t - 2*q*t**4 - 2*q*t**3 + q*t**2 + q*t + q + t**5 + t**4 - t - 1)/(t*(q - t)**2*(t - 1)*(t + 1))
  R2 = -(q - 1)*(q + 1)*(q*t - t**2 - 1)*(q**2*t**2 - q**2*t - q*t**3 + q*t**2 + q*t + q - t - 1)/(t**2*(q - t)**2)
  r = 5: diff = 0  OK
  r = 6: diff = 0  OK
  r = 7: diff = 0  OK

========================================================================
Try: tau_r*q^3 =?= K1(q,t) * B_r + K2(q,t) * B_r * t^r  (pure double-Baxter)
========================================================================
  K1 = (q - 1)*(q + 1)*(q**2*t**6 - q**2*t**5 - q**2*t**3 + q**2 - q*t**7 + q*t**6 + 2*q*t**4 + q*t**3 + q*t**2 - q*t - q - t**5 - t**4 - t**3 - t**2)/(q*(t - 1)**2*(t + 1)*(q*t**2 + q*t + q - t))
  K2 = (q - 1)*(q + 1)*(q**2*t**7 - q**2*t**4 - q**2*t**2 + q**2*t + q*t**5 + q*t**3 - 2*q*t**2 - q*t - q + t**3 + t**2 + t + 1)/(q*t*(t - 1)**2*(t + 1)*(q*t**2 + q*t + q - t))
  r = 4: diff = t**3*(q**5*t**3 - q**5*t**2 - 2*q**4*t**4 + 2*q**4*t**3 + 2*q**4*t + q**3*t**5 - q**3*t**4 - q**3*t**3 - 2*q**3*t**2 - 2*q**3*t - q**3 + 2*q**2*t**4 - q**2*t**3 + q**2*t**2 - q**2*t + q**2 - q*t**5 + q*t**4 + 3*q*t**2 + 2*q*t + q - t**3 - t**2 - t - 1)/(q*(q*t**2 + q*t + q - t))  FAIL
  r = 5: diff = t**3*(q**5*t**5 - q**5*t**2 - 2*q**4*t**6 + 4*q**4*t**3 + 2*q**4*t**2 + 2*q**4*t + q**3*t**7 - q**3*t**5 - 4*q**3*t**4 - 5*q**3*t**3 - 5*q**3*t**2 - 3*q**3*t - q**3 + 2*q**2*t**6 + q**2*t**5 + 2*q**2*t**4 - q**2*t**3 + q**2*t**2 + q**2 - q*t**7 + 4*q*t**4 + 5*q*t**3 + 6*q*t**2 + 3*q*t + q - t**5 - 2*t**4 - 3*t**3 - 3*t**2 - 2*t - 1)/(q*(q*t**2 + q*t + q - t))  FAIL
  r = 6: diff = t**3*(q**5*t**7 + q**5*t**5 - q**5*t**4 - q**5*t**2 - 2*q**4*t**8 - 2*q**4*t**6 + 4*q**4*t**5 + 2*q**4*t**4 + 6*q**4*t**3 + 2*q**4*t**2 + 2*q**4*t + q**3*t**9 - 4*q**3*t**6 - 6*q**3*t**5 - 9*q**3*t**4 - 8*q**3*t**3 - 6*q**3*t**2 - 3*q**3*t - q**3 + 2*q**2*t**8 + q**2*t**7 + 4*q**2*t**6 + 3*q**2*t**4 - q**2*t**3 + 2*q**2*t**2 + q**2 - q*t**9 - q*t**7 + 4*q*t**6 + 5*q*t**5 + 10*q*t**4 + 8*q*t**3 + 7*q*t**2 + 3*q*t + q - t**7 - 2*t**6 - 4*t**5 - 5*t**4 - 5*t**3 - 4*t**2 - 2*t - 1)/(q*(q*t**2 + q*t + q - t))  FAIL

========================================================================
Compute X_r := tau_r*q^3 / [-(q^2-1) * B_r]:
========================================================================
  r = 2: X_r = -(t**2 + 1)*(q*t**3 - q + t + 1)/(q*(t - 1)*(t + 1))
  r = 3: X_r = -(t**4 + t**3 + t**2 + t + 1)*(q*t**3 - q*t**2 + q*t - q + 1)/((t - 1)*(q*t**2 + q*t + q - t))
  r = 4: X_r = -(t**2 - t + 1)*(t**2 + t + 1)*(q*t**5 - q + t + 1)/((t - 1)*(t + 1)*(q*t**2 + q - t))
  r = 5: X_r = -(t**6 + t**5 + t**4 + t**3 + t**2 + t + 1)*(q*t**5 - q*t**4 + q*t**3 - q*t**2 + q*t - q + 1)/((t - 1)*(q*t**4 + q*t**3 + q*t**2 + q*t + q - t**3 - t**2 - t))
  r = 6: X_r = -(t**2 + 1)*(t**4 + 1)*(q*t**7 - q + t + 1)/((t - 1)*(t + 1)*(q*t**4 + q*t**2 + q - t**3 - t))

========================================================================
Structure: (t^2-1) * tau_r * q^3 / [-(q^2-1)] = polynomial in q, t:
========================================================================
  r = 2: -q**3*t**9/(-q**2*t**2 + q**2 + t**2 - 1) + q**3*t**7/(-q**2*t**2 + q**2 + t**2 - 1) + q**3*t**5/(-q**2*t + q**2 + t - 1) - q**3*t**3/(-q**2*t + q**2 + t - 1) - q**3*t**2/(-q**2*t**2 + q**2 + t**2 - 1) + q**3/(-q**2*t**2 + q**2 + t**2 - 1) - q**2*t**6/(-q**2*t + q**2 + t - 1) + q**2*t**4/(-q**2*t + q**2 + t - 1) + q**2*t**3/(-q**2*t**2 + q**2 + t**2 - 1) + q**2*t**2/(-q**2*t**2 + q**2 + t**2 - 1) - q**2*t/(-q**2*t**2 + q**2 + t**2 - 1) - q**2/(-q**2*t**2 + q**2 + t**2 - 1) + q*t**9/(-q**2*t**2 + q**2 + t**2 - 1) - q*t**7/(-q**2*t**2 + q**2 + t**2 - 1) - q*t**5/(-q**2*t + q**2 + t - 1) + q*t**3/(-q**2*t + q**2 + t - 1) + q*t**2/(-q**2*t**2 + q**2 + t**2 - 1) - q/(-q**2*t**2 + q**2 + t**2 - 1) + t**6/(-q**2*t + q**2 + t - 1) - t**4/(-q**2*t + q**2 + t - 1) - t**3/(-q**2*t**2 + q**2 + t**2 - 1) - t**2/(-q**2*t**2 + q**2 + t**2 - 1) + t/(-q**2*t**2 + q**2 + t**2 - 1) + 1/(-q**2*t**2 + q**2 + t**2 - 1)
    ratio / ((t+1) * B_r) = -(t**2 + 1)*(q*t**3 - q + t + 1)/(q*(t + 1))
  r = 3: -q**3*t**11/(-q**2*t**2 + q**2 + t**2 - 1) + q**3*t**9/(-q**2*t**2 + q**2 + t**2 - 1) + q**3*t**6/(-q**2*t + q**2 + t - 1) - q**3*t**4/(-q**2*t + q**2 + t - 1) - q**3*t**2/(-q**2*t**2 + q**2 + t**2 - 1) + q**3/(-q**2*t**2 + q**2 + t**2 - 1) - q**2*t**7/(-q**2*t + q**2 + t - 1) + q**2*t**5/(-q**2*t + q**2 + t - 1) + q**2*t**3/(-q**2*t**2 + q**2 + t**2 - 1) + q**2*t**2/(-q**2*t**2 + q**2 + t**2 - 1) - q**2*t/(-q**2*t**2 + q**2 + t**2 - 1) - q**2/(-q**2*t**2 + q**2 + t**2 - 1) + q*t**11/(-q**2*t**2 + q**2 + t**2 - 1) - q*t**9/(-q**2*t**2 + q**2 + t**2 - 1) - q*t**6/(-q**2*t + q**2 + t - 1) + q*t**4/(-q**2*t + q**2 + t - 1) + q*t**2/(-q**2*t**2 + q**2 + t**2 - 1) - q/(-q**2*t**2 + q**2 + t**2 - 1) + t**7/(-q**2*t + q**2 + t - 1) - t**5/(-q**2*t + q**2 + t - 1) - t**3/(-q**2*t**2 + q**2 + t**2 - 1) - t**2/(-q**2*t**2 + q**2 + t**2 - 1) + t/(-q**2*t**2 + q**2 + t**2 - 1) + 1/(-q**2*t**2 + q**2 + t**2 - 1)
    ratio / ((t+1) * B_r) = -(t**4 + t**3 + t**2 + t + 1)*(q*t**3 - q*t**2 + q*t - q + 1)/(q*t**2 + q*t + q - t)
  r = 4: -q**3*t**13/(-q**2*t**2 + q**2 + t**2 - 1) + q**3*t**11/(-q**2*t**2 + q**2 + t**2 - 1) + q**3*t**7/(-q**2*t + q**2 + t - 1) - q**3*t**5/(-q**2*t + q**2 + t - 1) - q**3*t**2/(-q**2*t**2 + q**2 + t**2 - 1) + q**3/(-q**2*t**2 + q**2 + t**2 - 1) - q**2*t**8/(-q**2*t + q**2 + t - 1) + q**2*t**6/(-q**2*t + q**2 + t - 1) + q**2*t**3/(-q**2*t**2 + q**2 + t**2 - 1) + q**2*t**2/(-q**2*t**2 + q**2 + t**2 - 1) - q**2*t/(-q**2*t**2 + q**2 + t**2 - 1) - q**2/(-q**2*t**2 + q**2 + t**2 - 1) + q*t**13/(-q**2*t**2 + q**2 + t**2 - 1) - q*t**11/(-q**2*t**2 + q**2 + t**2 - 1) - q*t**7/(-q**2*t + q**2 + t - 1) + q*t**5/(-q**2*t + q**2 + t - 1) + q*t**2/(-q**2*t**2 + q**2 + t**2 - 1) - q/(-q**2*t**2 + q**2 + t**2 - 1) + t**8/(-q**2*t + q**2 + t - 1) - t**6/(-q**2*t + q**2 + t - 1) - t**3/(-q**2*t**2 + q**2 + t**2 - 1) - t**2/(-q**2*t**2 + q**2 + t**2 - 1) + t/(-q**2*t**2 + q**2 + t**2 - 1) + 1/(-q**2*t**2 + q**2 + t**2 - 1)
    ratio / ((t+1) * B_r) = -(t**2 - t + 1)*(t**2 + t + 1)*(q*t**5 - q + t + 1)/((t + 1)*(q*t**2 + q - t))
  r = 5: -q**3*t**15/(-q**2*t**2 + q**2 + t**2 - 1) + q**3*t**13/(-q**2*t**2 + q**2 + t**2 - 1) + q**3*t**8/(-q**2*t + q**2 + t - 1) - q**3*t**6/(-q**2*t + q**2 + t - 1) - q**3*t**2/(-q**2*t**2 + q**2 + t**2 - 1) + q**3/(-q**2*t**2 + q**2 + t**2 - 1) - q**2*t**9/(-q**2*t + q**2 + t - 1) + q**2*t**7/(-q**2*t + q**2 + t - 1) + q**2*t**3/(-q**2*t**2 + q**2 + t**2 - 1) + q**2*t**2/(-q**2*t**2 + q**2 + t**2 - 1) - q**2*t/(-q**2*t**2 + q**2 + t**2 - 1) - q**2/(-q**2*t**2 + q**2 + t**2 - 1) + q*t**15/(-q**2*t**2 + q**2 + t**2 - 1) - q*t**13/(-q**2*t**2 + q**2 + t**2 - 1) - q*t**8/(-q**2*t + q**2 + t - 1) + q*t**6/(-q**2*t + q**2 + t - 1) + q*t**2/(-q**2*t**2 + q**2 + t**2 - 1) - q/(-q**2*t**2 + q**2 + t**2 - 1) + t**9/(-q**2*t + q**2 + t - 1) - t**7/(-q**2*t + q**2 + t - 1) - t**3/(-q**2*t**2 + q**2 + t**2 - 1) - t**2/(-q**2*t**2 + q**2 + t**2 - 1) + t/(-q**2*t**2 + q**2 + t**2 - 1) + 1/(-q**2*t**2 + q**2 + t**2 - 1)
    ratio / ((t+1) * B_r) = -(t**6 + t**5 + t**4 + t**3 + t**2 + t + 1)*(q*t**5 - q*t**4 + q*t**3 - q*t**2 + q*t - q + 1)/(q*t**4 + q*t**3 + q*t**2 + q*t + q - t**3 - t**2 - t)
  r = 6: -q**3*t**17/(-q**2*t**2 + q**2 + t**2 - 1) + q**3*t**15/(-q**2*t**2 + q**2 + t**2 - 1) + q**3*t**9/(-q**2*t + q**2 + t - 1) - q**3*t**7/(-q**2*t + q**2 + t - 1) - q**3*t**2/(-q**2*t**2 + q**2 + t**2 - 1) + q**3/(-q**2*t**2 + q**2 + t**2 - 1) - q**2*t**10/(-q**2*t + q**2 + t - 1) + q**2*t**8/(-q**2*t + q**2 + t - 1) + q**2*t**3/(-q**2*t**2 + q**2 + t**2 - 1) + q**2*t**2/(-q**2*t**2 + q**2 + t**2 - 1) - q**2*t/(-q**2*t**2 + q**2 + t**2 - 1) - q**2/(-q**2*t**2 + q**2 + t**2 - 1) + q*t**17/(-q**2*t**2 + q**2 + t**2 - 1) - q*t**15/(-q**2*t**2 + q**2 + t**2 - 1) - q*t**9/(-q**2*t + q**2 + t - 1) + q*t**7/(-q**2*t + q**2 + t - 1) + q*t**2/(-q**2*t**2 + q**2 + t**2 - 1) - q/(-q**2*t**2 + q**2 + t**2 - 1) + t**10/(-q**2*t + q**2 + t - 1) - t**8/(-q**2*t + q**2 + t - 1) - t**3/(-q**2*t**2 + q**2 + t**2 - 1) - t**2/(-q**2*t**2 + q**2 + t**2 - 1) + t/(-q**2*t**2 + q**2 + t**2 - 1) + 1/(-q**2*t**2 + q**2 + t**2 - 1)
    ratio / ((t+1) * B_r) = -(t**2 + 1)*(t**4 + 1)*(q*t**7 - q + t + 1)/((t + 1)*(q*t**4 + q*t**2 + q - t**3 - t))
