n=6 mode=all: 37 pairs with kappa>=2, 3 non-coarsening; t in {3/5,-2} mod 2^61-1
(3, 2, 1) (3, 3) kappa=2 COARSE terms=1 OK [0.1s, total 0s]
  negative control on (2, 2, 2) (3, 2, 1) (one of 3 terms x 8/7): fails = True
(2, 2, 2) (3, 2, 1) kappa=2 NONCOARSE terms=3 OK [0.3s, total 0s]
(4, 1, 1) (4, 2) kappa=2 COARSE terms=1 OK [0.2s, total 1s]
(3, 2, 1) (4, 2) kappa=2 COARSE terms=1 OK [1.1s, total 2s]
(3, 2, 1) (4, 1, 1) kappa=2 NONCOARSE terms=1 OK [0.2s, total 2s]
(2, 2, 2) (4, 2) kappa=2 COARSE terms=3 OK [3.7s, total 5s]
(4, 1, 1) (5, 1) kappa=2 COARSE terms=2 OK [1.6s, total 7s]
(3, 2, 1) (5, 1) kappa=2 COARSE terms=1 OK [8.4s, total 16s]
(2, 2, 1, 1) (2, 2, 2) kappa=3 COARSE terms=1 OK [0.0s, total 16s]
(3, 1, 1, 1) (3, 3) kappa=2 COARSE terms=0 OK [0.3s, total 16s]
(3, 1, 1, 1) (3, 2, 1) kappa=3 COARSE terms=3 OK [0.0s, total 16s]
(2, 2, 1, 1) (3, 3) kappa=2 COARSE terms=2 OK [0.8s, total 17s]
(2, 2, 1, 1) (3, 2, 1) kappa=3 COARSE terms=4 OK [0.0s, total 17s]
(2, 2, 1, 1) (3, 1, 1, 1) kappa=3 NONCOARSE terms=1 OK [0.0s, total 17s]
(3, 1, 1, 1) (4, 2) kappa=2 COARSE terms=3 OK [3.4s, total 20s]
(3, 1, 1, 1) (4, 1, 1) kappa=3 COARSE terms=3 OK [0.0s, total 20s]
(2, 2, 1, 1) (4, 2) kappa=2 COARSE terms=3 OK [9.2s, total 29s]
(2, 2, 1, 1) (4, 1, 1) kappa=3 COARSE terms=1 OK [0.0s, total 29s]
(3, 1, 1, 1) (5, 1) kappa=2 COARSE terms=3 OK [25.2s, total 54s]
(2, 2, 1, 1) (5, 1) kappa=2 COARSE terms=2 OK [57.3s, total 112s]
(2, 1, 1, 1, 1) (2, 2, 2) kappa=3 COARSE terms=3 OK [0.1s, total 112s]
(2, 1, 1, 1, 1) (2, 2, 1, 1) kappa=4 COARSE terms=6 OK [0.0s, total 112s]
(2, 1, 1, 1, 1) (3, 3) kappa=2 COARSE terms=0 OK [3.0s, total 115s]
(2, 1, 1, 1, 1) (3, 2, 1) kappa=3 COARSE terms=12 OK [0.0s, total 115s]
(2, 1, 1, 1, 1) (3, 1, 1, 1) kappa=4 COARSE terms=4 OK [0.0s, total 115s]
(2, 1, 1, 1, 1) (4, 2) kappa=2 COARSE terms=7 OK [32.1s, total 147s]
(2, 1, 1, 1, 1) (4, 1, 1) kappa=3 COARSE terms=6 OK [0.0s, total 147s]
(2, 1, 1, 1, 1) (5, 1) kappa=2 COARSE terms=4 OK [179.4s, total 326s]
(1, 1, 1, 1, 1, 1) (2, 2, 2) kappa=3 COARSE terms=15 OK [0.6s, total 327s]
(1, 1, 1, 1, 1, 1) (2, 2, 1, 1) kappa=4 COARSE terms=45 OK [0.0s, total 327s]
(1, 1, 1, 1, 1, 1) (2, 1, 1, 1, 1) kappa=5 COARSE terms=15 OK [0.0s, total 327s]
(1, 1, 1, 1, 1, 1) (3, 3) kappa=2 COARSE terms=0 OK [12.4s, total 339s]
(1, 1, 1, 1, 1, 1) (3, 2, 1) kappa=3 COARSE terms=0 OK [0.0s, total 339s]
(1, 1, 1, 1, 1, 1) (3, 1, 1, 1) kappa=4 COARSE terms=0 OK [0.0s, total 339s]
(1, 1, 1, 1, 1, 1) (4, 2) kappa=2 COARSE terms=15 OK [110.1s, total 449s]
(1, 1, 1, 1, 1, 1) (4, 1, 1) kappa=3 COARSE terms=15 OK [0.0s, total 449s]
(1, 1, 1, 1, 1, 1) (5, 1) kappa=2 COARSE terms=6 OK [622.0s, total 1071s]
zero leads (identity holds as 0=0; Thm 6.6 promises nonzero only over Q(t), Open Problem (2)): [((3, 1, 1, 1), (3, 3), 't=-2'), ((2, 1, 1, 1, 1), (3, 3), 't=-2'), ((1, 1, 1, 1, 1, 1), (3, 3), 't=-2'), ((1, 1, 1, 1, 1, 1), (3, 2, 1), 't=-2'), ((1, 1, 1, 1, 1, 1), (3, 1, 1, 1), 't=-2')]
lead nonzero at t=3/5 for every pair: True
thm:blockmult n=6 all: 37/37 pairs at 2 values of t, all OK = True; negative control = True; 1071s
