n=8 mode=noncoarse: 29 pairs with kappa>=2, 29 non-coarsening; t in {3/5,-2} mod 2^61-1
(4, 2, 2) (4, 3, 1) kappa=2 NONCOARSE terms=1 OK [1.1s, total 45s]
  negative control on (3, 3, 2) (4, 3, 1) (one of 2 terms x 8/7): fails = True
(3, 3, 2) (4, 3, 1) kappa=2 NONCOARSE terms=2 OK [2.7s, total 48s]
(3, 3, 2) (4, 2, 2) kappa=2 NONCOARSE terms=1 OK [0.1s, total 48s]
(4, 3, 1) (5, 2, 1) kappa=2 NONCOARSE terms=1 OK [7.8s, total 56s]
(4, 2, 2) (5, 2, 1) kappa=2 NONCOARSE terms=2 OK [20.0s, total 76s]
(3, 3, 2) (5, 2, 1) kappa=2 NONCOARSE terms=1 OK [45.5s, total 122s]
(5, 2, 1) (6, 1, 1) kappa=2 NONCOARSE terms=1 OK [19.0s, total 141s]
(4, 3, 1) (6, 1, 1) kappa=2 NONCOARSE terms=1 OK [76.0s, total 217s]
(3, 2, 2, 1) (3, 3, 1, 1) kappa=3 NONCOARSE terms=1 OK [0.4s, total 217s]
(2, 2, 2, 2) (3, 3, 2) kappa=2 NONCOARSE terms=0 OK [1.7s, total 219s]
(2, 2, 2, 2) (3, 3, 1, 1) kappa=2 NONCOARSE terms=3 OK [0.0s, total 219s]
(2, 2, 2, 2) (3, 2, 2, 1) kappa=3 NONCOARSE terms=6 OK [0.0s, total 219s]
(3, 3, 1, 1) (4, 2, 2) kappa=2 NONCOARSE terms=1 OK [6.3s, total 225s]
(3, 3, 1, 1) (4, 2, 1, 1) kappa=3 NONCOARSE terms=1 OK [0.0s, total 225s]
(3, 2, 2, 1) (4, 2, 1, 1) kappa=3 NONCOARSE terms=2 OK [16.2s, total 241s]
(2, 2, 2, 2) (4, 3, 1) kappa=2 NONCOARSE terms=6 OK [51.9s, total 293s]
(2, 2, 2, 2) (4, 2, 1, 1) kappa=2 NONCOARSE terms=0 OK [3.4s, total 297s]
(4, 2, 1, 1) (5, 1, 1, 1) kappa=3 NONCOARSE terms=1 OK [40.7s, total 337s]
(3, 3, 1, 1) (5, 2, 1) kappa=2 NONCOARSE terms=3 OK [100.0s, total 437s]
(3, 3, 1, 1) (5, 1, 1, 1) kappa=3 NONCOARSE terms=1 OK [0.0s, total 437s]
(3, 2, 2, 1) (5, 1, 1, 1) kappa=2 NONCOARSE terms=1 OK [234.6s, total 672s]
(2, 2, 2, 2) (5, 2, 1) kappa=2 NONCOARSE terms=4 OK [663.0s, total 1335s]
(superseded by check_blockmult_memo_n8_noncoarse.log 29/29; this run stopped at 22/29, all OK)
