n=8 mode=noncoarse: 29 pairs with kappa>=2, 29 non-coarsening; t in {3/5,-2} mod 2^61-1
(4, 2, 2) (4, 3, 1) kappa=2 NONCOARSE terms=1 OK [0.7s, total 45s]
  negative control on (3, 3, 2) (4, 3, 1) (one of 2 terms x 8/7): fails = True
(3, 3, 2) (4, 3, 1) kappa=2 NONCOARSE terms=2 OK [1.2s, total 46s]
(3, 3, 2) (4, 2, 2) kappa=2 NONCOARSE terms=1 OK [0.1s, total 46s]
(4, 3, 1) (5, 2, 1) kappa=2 NONCOARSE terms=1 OK [4.3s, total 50s]
(4, 2, 2) (5, 2, 1) kappa=2 NONCOARSE terms=2 OK [5.8s, total 56s]
(3, 3, 2) (5, 2, 1) kappa=2 NONCOARSE terms=1 OK [9.1s, total 65s]
(5, 2, 1) (6, 1, 1) kappa=2 NONCOARSE terms=1 OK [11.9s, total 77s]
(4, 3, 1) (6, 1, 1) kappa=2 NONCOARSE terms=1 OK [27.5s, total 105s]
(3, 2, 2, 1) (3, 3, 1, 1) kappa=3 NONCOARSE terms=1 OK [0.4s, total 105s]
(2, 2, 2, 2) (3, 3, 2) kappa=2 NONCOARSE terms=0 OK [1.0s, total 106s]
(2, 2, 2, 2) (3, 3, 1, 1) kappa=2 NONCOARSE terms=3 OK [0.0s, total 106s]
(2, 2, 2, 2) (3, 2, 2, 1) kappa=3 NONCOARSE terms=6 OK [0.0s, total 106s]
(3, 3, 1, 1) (4, 2, 2) kappa=2 NONCOARSE terms=1 OK [3.3s, total 110s]
(3, 3, 1, 1) (4, 2, 1, 1) kappa=3 NONCOARSE terms=1 OK [0.0s, total 110s]
(3, 2, 2, 1) (4, 2, 1, 1) kappa=3 NONCOARSE terms=2 OK [5.2s, total 115s]
(2, 2, 2, 2) (4, 3, 1) kappa=2 NONCOARSE terms=6 OK [7.9s, total 123s]
(2, 2, 2, 2) (4, 2, 1, 1) kappa=2 NONCOARSE terms=0 OK [1.2s, total 124s]
(4, 2, 1, 1) (5, 1, 1, 1) kappa=3 NONCOARSE terms=1 OK [18.2s, total 142s]
(3, 3, 1, 1) (5, 2, 1) kappa=2 NONCOARSE terms=3 OK [31.5s, total 174s]
(3, 3, 1, 1) (5, 1, 1, 1) kappa=3 NONCOARSE terms=1 OK [0.0s, total 174s]
(3, 2, 2, 1) (5, 1, 1, 1) kappa=2 NONCOARSE terms=1 OK [42.5s, total 216s]
(2, 2, 2, 2) (5, 2, 1) kappa=2 NONCOARSE terms=4 OK [48.3s, total 264s]
(3, 2, 2, 1) (6, 1, 1) kappa=2 NONCOARSE terms=1 OK [188.9s, total 453s]
(2, 2, 2, 1, 1) (3, 3, 1, 1) kappa=3 NONCOARSE terms=6 OK [1.6s, total 455s]
(2, 2, 2, 1, 1) (3, 2, 1, 1, 1) kappa=4 NONCOARSE terms=3 OK [0.0s, total 455s]
(3, 2, 1, 1, 1) (4, 1, 1, 1, 1) kappa=4 NONCOARSE terms=1 OK [12.4s, total 467s]
(2, 2, 2, 1, 1) (4, 1, 1, 1, 1) kappa=3 NONCOARSE terms=0 OK [16.9s, total 484s]
(2, 2, 2, 1, 1) (5, 1, 1, 1) kappa=3 NONCOARSE terms=1 OK [96.7s, total 581s]
(2, 2, 1, 1, 1, 1) (3, 1, 1, 1, 1, 1) kappa=5 NONCOARSE terms=1 OK [3.3s, total 584s]
zero leads (identity holds as 0=0; Thm 6.6 promises nonzero only over Q(t), Open Problem (2)): [((2, 2, 2, 2), (3, 3, 2), 't=-2'), ((2, 2, 2, 2), (4, 2, 1, 1), 't=-2'), ((2, 2, 2, 1, 1), (4, 1, 1, 1, 1), 't=-2')]
lead nonzero at t=3/5 for every pair: True
thm:blockmult n=8 noncoarse: 29/29 pairs at 2 values of t, all OK = True; negative control = True; 584s
